ASxxxx Linker V03.00/V05.40 + sdld,  page 1.
Hexadecimal  [32-Bits]

Area                       Addr        Size        Decimal Bytes (Attributes)
--------------------       ----        ----        ------- ----- ------------
.  .ABS.               00000000    00000000 =           0. bytes (ABS,CON)

        Value  Global            Value  Global            Value  Global    
        -----  ------            -----  ------            -----  ------    
     00000000  .__.ABS.  |    00000000  _rMBC7_SR |    00000000  _rRAMG   
     00000000  b_Platfor |    00000000  b_SpriteC |    00000000  l__BASE  
     00000000  l__BSS    |    00000000  l__CABS   |    00000000  l__CODE_0
     00000000  l__CRASH_ |    00000000  l__CRASH_ |    00000000  l__DABS  
     00000000  l__HEADER |    00000000  l__HEADER |    00000000  l__HEADER
     00000000  l__HEAP   |    00000000  l__HEAP_E |    00000000  l__LIT   
     00000000  s__CABS   |    00000000  s__CRASH_ |    00000000  s__CRASH_
     00000000  s__CRASH_ |    00000000  s__CRASH_ |    00000000  s__CRASH_
     00000000  s__DABS   |    00000000  s__HEADER |    00000000  s__HEADER
     00000000  s__HEADER |    00000000  s__HEADER |    00000000  s__HEADER
     00000000  s__HEADER |    00000000  s__HEADER |    00000000  s__HEADER
     00000000  s__HEADER |    00000000  s__HEADER |    00000000  s__HEADER
     00000000  s__HEADER |    00000000  s__HEADER |    00000000  s__HEADER
     00000000  s__HEADER |    00000000  s__HEADER |    00000000  s__HEADER
     00000000  s__HEADER |    00000000  s__HEADER |    00000000  s__HEADER
     00000000  s__HEADER |    00000000  s__HEADER |    00000000  s__HEADER
     00000001  ___bank_S |    00000001  ___bank_S |    00000001  ___bank_m
     00000001  b_CheckSR |    00000001  b_FadeIn  |    00000001  b_FadeOut
     00000001  b_InitSpr |    00000001  b_InitSta |    00000001  b_SetDefa
     00000001  b___Handl |    00000001  l__GSFINA |    00000001  l__HEADER
     00000001  l__HEADER |    00000001  l__HEADER |    00000001  l__HEADER
     00000001  l__HEADER |    00000001  l__HEADER |    00000001  l__HEADER
     00000002  ___bank_m |    00000002  ___bank_p |    00000002  l__HEADER
     00000002  l__HEADER |    00000002  l__HEADER |    00000003  l__HEADER
     00000003  l__HEADER |    00000004  l__CRASH_ |    00000005  l__CRASH_
     00000005  l__HEADER |    00000006  l__HEADER |    00000006  l__HEADER
     00000007  l__HEADER |    00000008  l__HEADER |    0000000C  l__DATA_0
     00000011  l__GSINIT |    00000013  l__HRAM   |    00000030  l__HEADER
     00000059  l__INITIA |    00000059  l__INITIA |    00000060  l__HEADER
     000000AB  l__HEADER |    000001CB  l__CRASH_ |    00000200  s__CODE  
     00000940  l__DATA   |    00000D34  l__HOME   |    00001A6C  l__CODE_2
     00002000  _rROMB0   |    00002000  l__DATA_1 |    00002000  l__DATA_2
     00002B7A  l__CODE   |    00002D7A  s__HOME   |    00003000  _rROMB1  
     000032F0  l__CODE_1 |    00003AAE  s__BASE   |    00003AAE  s__CODE_0
     00003AAE  s__INITIA |    00003AAE  s__LIT    |    00003B07  s__GSINIT
     00003B18  s__GSFINA |    00004000  _rMBC7_SR |    00004000  _rRAMB   
     00008000  __VRAM    |    00008000  __VRAM800 |    00008800  __VRAM880
     00009000  __VRAM900 |    00009800  __SCRN0   |    00009C00  __SCRN1  
     0000A000  __SRAM    |    0000A000  _rMBC7_LA |    0000A000  s__DATA_0
     0000A010  _rMBC7_LA |    0000A020  _rMBC7_AC |    0000A030  _rMBC7_AC
     0000A040  _rMBC7_AC |    0000A050  _rMBC7_AC |    0000C000  __RAM    
     0000C000  _shadow_O |    0000C0A0  s__DATA   |    0000C9E0  s__BSS   
     0000C9E0  s__INITIA |    0000CA39  s__HEAP   |    0000CA39  s__HEAP_E
     0000D000  __RAMBANK |    0000DF00  .STACK    |    0000DF00  _mirror_O
     0000DFA0  _font_rec |    0000FE00  __OAMRAM  |    0000FF00  _P1_REG  
     0000FF00  __IO      |    0000FF01  _SB_REG   |    0000FF02  _SC_REG  
     0000FF04  _DIV_REG  |    0000FF05  _TIMA_REG |    0000FF06  _TMA_REG 
     0000FF07  _TAC_REG  |    0000FF0F  _IF_REG   |    0000FF10  _NR10_REG
     0000FF11  _NR11_REG |    0000FF12  _NR12_REG |    0000FF13  _NR13_REG
     0000FF14  _NR14_REG |    0000FF16  _NR21_REG |    0000FF17  _NR22_REG
ASxxxx Linker V03.00/V05.40 + sdld,  page 2.
Hexadecimal  [32-Bits]

Area                       Addr        Size        Decimal Bytes (Attributes)
--------------------       ----        ----        ------- ----- ------------
.  .ABS.               00000000    00000000 =           0. bytes (ABS,CON)

        Value  Global            Value  Global            Value  Global    
        -----  ------            -----  ------            -----  ------    
     0000FF18  _NR23_REG |    0000FF19  _NR24_REG |    0000FF1A  _NR30_REG
     0000FF1B  _NR31_REG |    0000FF1C  _NR32_REG |    0000FF1D  _NR33_REG
     0000FF1E  _NR34_REG |    0000FF20  _NR41_REG |    0000FF21  _NR42_REG
     0000FF22  _NR43_REG |    0000FF23  _NR44_REG |    0000FF24  _NR50_REG
     0000FF25  _NR51_REG |    0000FF26  _NR52_REG |    0000FF30  _AUD3WAVE
     0000FF30  _PCM_SAMP |    0000FF30  __AUD3WAV |    0000FF40  _LCDC_REG
     0000FF41  _STAT_REG |    0000FF42  _SCY_REG  |    0000FF43  _SCX_REG 
     0000FF44  _LY_REG   |    0000FF45  _LYC_REG  |    0000FF46  _DMA_REG 
     0000FF47  _BGP_REG  |    0000FF48  _OBP0_REG |    0000FF49  _OBP1_REG
     0000FF4A  _WY_REG   |    0000FF4B  _WX_REG   |    0000FF4D  _KEY1_REG
     0000FF4F  _VBK_REG  |    0000FF51  _HDMA1_RE |    0000FF52  _HDMA2_RE
     0000FF53  _HDMA3_RE |    0000FF54  _HDMA4_RE |    0000FF55  _HDMA5_RE
     0000FF56  _RP_REG   |    0000FF68  _BCPS_REG |    0000FF69  _BCPD_REG
     0000FF6A  _OCPS_REG |    0000FF6B  _OCPD_REG |    0000FF70  _SVBK_REG
     0000FF76  _PCM12_RE |    0000FF77  _PCM34_RE |    0000FF80  __HRAM   
     0000FF80  s__HRAM   |    0000FFFF  _IE_REG   |    00014000  s__CODE_1
     0001A000  s__DATA_1 |    00024000  s__CODE_2 |    0002A000  s__DATA_2
ASxxxx Linker V03.00/V05.40 + sdld,  page 3.
Hexadecimal  [32-Bits]

Area                       Addr        Size        Decimal Bytes (Attributes)
--------------------       ----        ----        ------- ----- ------------
_CODE                  00000200    00002B7A =       11130. bytes (REL,CON)

        Value  Global            Value  Global            Value  Global    
        -----  ------            -----  ------            -----  ------    
     00000200  _build_gr |    00000328  _Platform |    00000B4A  _RevertSR
     00000B52  _RestoreD |    00000BAD  _SpriteCa |    00000CDC  ___Handle
     00000CEA  _ScrollSe |    00000E71  _UpdateMa |    00000ED8  _LoadMap 
     00001066  _ScrollSe |    00001139  _ScrollIn |    00001190  _ScrollCo
     000011A1  _ScrollIn |    000011B3  _ScrollIn |    000011CA  _ScrollRe
     000011E4  _ScrollIn |    00001200  _ScrollSc |    0000127C  _InitScro
     0000129F  _ScrollUp |    00001307  _ScrollUp |    0000135F  _ScrollUp
     000013E8  _ScrollUp |    00001461  _ScrollUp |    000014B9  _ScrollUp
     00001560  _RefreshS |    000015F0  _MoveScro |    00001777  _GetScrol
     000017AC  _GetMapSi |    00001807  _SetState |    0000180F  _main    
     00001A08  _InitSpri |    00001BB9  _SetSprit |    00001C30  _DrawSpri
     00001FDC  _CheckCol |    000020A3  _set_spri |    000020A8  _set_bkg_
     000020AB  .set_pale |    000020CA  _set_spri |    000020CF  _set_bkg_
     000020D2  .set_pale |    000020EE  _set_vram |    000020F7  _set_win_
     00002100  _set_bkg_ |    0000212F  _SpriteMa |    00002245  _SpriteMa
     00002460  _SpriteMa |    000025BB  _SpriteMa |    000025DB  _SpriteMa
     000025E7  _SpriteMa |    000026B2  _SpriteMa |    00002813  _SwapOAMs
     0000285F  _ClearOAM |    0000287D  _InitOAMs |    0000288E  _GetSprit
     000028C7  _get_win_ |    000028D2  _get_bkg_ |    000028F0  __mulsuch
     000028F3  __mulusch |    000028FC  __mulscha |    00002904  __mulint 
     00002923  __mulucha |    00002935  _BufferEx |    00002948  _BufferRo
     00002959  _VectorRe |    00002980  _SetWindo |    000029D7  _InitWind
     000029EC  ___move_m |    00002A29  ___memcpy |    00002A29  _memcpy  
     00002A5B  ___move_m |    00002A5B  ___move_m |    00002A9C  ___move_m
     00002A9C  ___move_m |    00002ADD  ___move_m |    00002ADD  ___move_m
     00002B20  _ClampScr |    00002BB1  .sgb_chec |    00002BB1  _sgb_chec
     00002BF9  _sgb_tran |    00002BFE  .sgb_tran |    00002C3F  _cpu_slow
     00002C5A  _cpu_fast |    00002C61  _GetTileR |    00002C64  __divsuch
     00002C6A  __modsuch |    00002C73  __divusch |    00002C7C  __modusch
     00002C88  __divscha |    00002C8D  __modscha |    00002C94  __divsint
     00002C9D  __modsint |    00002CA9  __divucha |    00002CAE  __moducha
     00002CB5  __divuint |    00002CBE  __moduint |    00002CCA  .div8    
     00002CCA  .mod8     |    00002CD2  .div16    |    00002CD2  .mod16   
     00002D08  .divu8    |    00002D08  .modu8    |    00002D0B  .divu16  
     00002D0B  .modu16   |    00002D4B  _hide_spr
ASxxxx Linker V03.00/V05.40 + sdld,  page 4.
Hexadecimal  [32-Bits]

Area                       Addr        Size        Decimal Bytes (Attributes)
--------------------       ----        ----        ------- ----- ------------
_HEADER0               00000000    00000001 =           1. bytes (ABS,CON)

        Value  Global            Value  Global            Value  Global    
        -----  ------            -----  ------            -----  ------    
     00000020  .call_hl 
ASxxxx Linker V03.00/V05.40 + sdld,  page 5.
Hexadecimal  [32-Bits]

Area                       Addr        Size        Decimal Bytes (Attributes)
--------------------       ----        ----        ------- ----- ------------
_HEADER1               00000000    00000005 =           5. bytes (ABS,CON)

        Value  Global            Value  Global            Value  Global    
        -----  ------            -----  ------            -----  ------    
     00000028  .MemsetSm
ASxxxx Linker V03.00/V05.40 + sdld,  page 6.
Hexadecimal  [32-Bits]

Area                       Addr        Size        Decimal Bytes (Attributes)
--------------------       ----        ----        ------- ----- ------------
_HEADER2               00000000    00000007 =           7. bytes (ABS,CON)

        Value  Global            Value  Global            Value  Global    
        -----  ------            -----  ------            -----  ------    
     00000030  .MemcpySm
ASxxxx Linker V03.00/V05.40 + sdld,  page 7.
Hexadecimal  [32-Bits]

Area                       Addr        Size        Decimal Bytes (Attributes)
--------------------       ----        ----        ------- ----- ------------
_HEADER3               00000000    00000008 =           8. bytes (ABS,CON)

        Value  Global            Value  Global            Value  Global    
        -----  ------            -----  ------            -----  ------    
ASxxxx Linker V03.00/V05.40 + sdld,  page 8.
Hexadecimal  [32-Bits]

Area                       Addr        Size        Decimal Bytes (Attributes)
--------------------       ----        ----        ------- ----- ------------
_HEADER4               00000000    00000060 =          96. bytes (ABS,CON)

        Value  Global            Value  Global            Value  Global    
        -----  ------            -----  ------            -----  ------    
     00000080  .int      |    0000008F  _wait_int |    0000009C  __standar
     000000AB  _refresh_ |    000000CC  _set_inte
ASxxxx Linker V03.00/V05.40 + sdld,  page 9.
Hexadecimal  [32-Bits]

Area                       Addr        Size        Decimal Bytes (Attributes)
--------------------       ----        ----        ------- ----- ------------
_HEADER5               00000000    00000001 =           1. bytes (ABS,CON)

        Value  Global            Value  Global            Value  Global    
        -----  ------            -----  ------            -----  ------    
ASxxxx Linker V03.00/V05.40 + sdld,  page 10.
Hexadecimal  [32-Bits]

Area                       Addr        Size        Decimal Bytes (Attributes)
--------------------       ----        ----        ------- ----- ------------
_HEADER6               00000000    00000002 =           2. bytes (ABS,CON)

        Value  Global            Value  Global            Value  Global    
        -----  ------            -----  ------            -----  ------    
ASxxxx Linker V03.00/V05.40 + sdld,  page 11.
Hexadecimal  [32-Bits]

Area                       Addr        Size        Decimal Bytes (Attributes)
--------------------       ----        ----        ------- ----- ------------
_HEADER7               00000000    00000030 =          48. bytes (ABS,CON)

        Value  Global            Value  Global            Value  Global    
        -----  ------            -----  ------            -----  ------    
ASxxxx Linker V03.00/V05.40 + sdld,  page 12.
Hexadecimal  [32-Bits]

Area                       Addr        Size        Decimal Bytes (Attributes)
--------------------       ----        ----        ------- ----- ------------
_HEADER8               00000000    00000006 =           6. bytes (ABS,CON)

        Value  Global            Value  Global            Value  Global    
        -----  ------            -----  ------            -----  ------    
ASxxxx Linker V03.00/V05.40 + sdld,  page 13.
Hexadecimal  [32-Bits]

Area                       Addr        Size        Decimal Bytes (Attributes)
--------------------       ----        ----        ------- ----- ------------
_HEADER9               00000000    00000003 =           3. bytes (ABS,CON)

        Value  Global            Value  Global            Value  Global    
        -----  ------            -----  ------            -----  ------    
ASxxxx Linker V03.00/V05.40 + sdld,  page 14.
Hexadecimal  [32-Bits]

Area                       Addr        Size        Decimal Bytes (Attributes)
--------------------       ----        ----        ------- ----- ------------
_HEADERa               00000000    00000001 =           1. bytes (ABS,CON)

        Value  Global            Value  Global            Value  Global    
        -----  ------            -----  ------            -----  ------    
ASxxxx Linker V03.00/V05.40 + sdld,  page 15.
Hexadecimal  [32-Bits]

Area                       Addr        Size        Decimal Bytes (Attributes)
--------------------       ----        ----        ------- ----- ------------
_HEADERb               00000000    00000001 =           1. bytes (ABS,CON)

        Value  Global            Value  Global            Value  Global    
        -----  ------            -----  ------            -----  ------    
ASxxxx Linker V03.00/V05.40 + sdld,  page 16.
Hexadecimal  [32-Bits]

Area                       Addr        Size        Decimal Bytes (Attributes)
--------------------       ----        ----        ------- ----- ------------
_HEADERc               00000000    00000001 =           1. bytes (ABS,CON)

        Value  Global            Value  Global            Value  Global    
        -----  ------            -----  ------            -----  ------    
ASxxxx Linker V03.00/V05.40 + sdld,  page 17.
Hexadecimal  [32-Bits]

Area                       Addr        Size        Decimal Bytes (Attributes)
--------------------       ----        ----        ------- ----- ------------
_HEADERd               00000000    00000002 =           2. bytes (ABS,CON)

        Value  Global            Value  Global            Value  Global    
        -----  ------            -----  ------            -----  ------    
ASxxxx Linker V03.00/V05.40 + sdld,  page 18.
Hexadecimal  [32-Bits]

Area                       Addr        Size        Decimal Bytes (Attributes)
--------------------       ----        ----        ------- ----- ------------
_HEADERe               00000000    00000001 =           1. bytes (ABS,CON)

        Value  Global            Value  Global            Value  Global    
        -----  ------            -----  ------            -----  ------    
ASxxxx Linker V03.00/V05.40 + sdld,  page 19.
Hexadecimal  [32-Bits]

Area                       Addr        Size        Decimal Bytes (Attributes)
--------------------       ----        ----        ------- ----- ------------
_HEADERf               00000000    00000001 =           1. bytes (ABS,CON)

        Value  Global            Value  Global            Value  Global    
        -----  ------            -----  ------            -----  ------    
ASxxxx Linker V03.00/V05.40 + sdld,  page 20.
Hexadecimal  [32-Bits]

Area                       Addr        Size        Decimal Bytes (Attributes)
--------------------       ----        ----        ------- ----- ------------
_HEADER10              00000000    00000002 =           2. bytes (ABS,CON)

        Value  Global            Value  Global            Value  Global    
        -----  ------            -----  ------            -----  ------    
ASxxxx Linker V03.00/V05.40 + sdld,  page 21.
Hexadecimal  [32-Bits]

Area                       Addr        Size        Decimal Bytes (Attributes)
--------------------       ----        ----        ------- ----- ------------
_HEADER11              00000000    000000AB =         171. bytes (ABS,CON)

        Value  Global            Value  Global            Value  Global    
        -----  ------            -----  ------            -----  ------    
     00000150  .reset    |    00000150  _reset    |    00000157  .code_sta
     000001B9  _exit     |    000001BD  .wait_vbl |    000001BD  _vsync   
     000001BD  _wait_vbl |    000001CD  .remove_V |    000001CD  _remove_V
     000001D0  .remove_i |    000001ED  .add_VBL  |    000001ED  _add_VBL 
     000001F0  .add_int 
ASxxxx Linker V03.00/V05.40 + sdld,  page 22.
Hexadecimal  [32-Bits]

Area                       Addr        Size        Decimal Bytes (Attributes)
--------------------       ----        ----        ------- ----- ------------
_HOME                  00002D7A    00000D34 =        3380. bytes (REL,CON)

        Value  Global            Value  Global            Value  Global    
        -----  ------            -----  ------            -----  ------    
     00002D7A  .memset_s |    00002D83  .memcpy_s |    00002DA0  .display_
     00002DA0  _display_ |    00002DB8  _effect_i |    00002E27  _InitSpec
     00002E69  _RestoreD |    00002E82  _memcpy_b |    00002EA4  _levels  
     00002EA7  _UPDATE_T |    000030D0  _copy_lev |    00003178  _copy_lev
     0000319E  _copy_lev |    000031DA  _InitDyna |    000031FF  _InitDyna
     00003220  _CollideD |    0000329C  _ReplaceD |    000032DA  _UpdateDy
     00003312  _DynaTile |    00003327  _tile_col |    000034CA  _tile_col
     00003652  _StateDes |    00003653  _MUSIC_is |    000036B8  ___PlayMu
     000036DD  _SetPalet |    000037B9  _set_tile |    000037BE  _set_bkg_
     000037BE  _set_win_ |    000037C6  _set_spri |    000037F6  _memcmp  
     0000381F  _LCD_isr  |    00003882  .add_LCD  |    00003882  _add_LCD 
     00003888  .remove_L |    00003888  _remove_L |    0000388E  _joypad_i
     000038DC  .joypad_e |    000038DC  _joypad_e |    0000392D  _add_low_
     00003930  .add_TIM  |    00003936  .remove_T |    00003936  _remove_T
     0000393C  ___sdcc_c |    0000393D  _memset   |    00003970  ___sdcc_b
     00003984  _VBL_isr  |    000039A5  _sfx_play |    00003A7F  _strcmp  
     00003A9C  _strcpy  
ASxxxx Linker V03.00/V05.40 + sdld,  page 23.
Hexadecimal  [32-Bits]

Area                       Addr        Size        Decimal Bytes (Attributes)
--------------------       ----        ----        ------- ----- ------------
_INITIALIZER           00003AAE    00000059 =          89. bytes (REL,CON)

        Value  Global            Value  Global            Value  Global    
        -----  ------            -----  ------            -----  ------    
ASxxxx Linker V03.00/V05.40 + sdld,  page 24.
Hexadecimal  [32-Bits]

Area                       Addr        Size        Decimal Bytes (Attributes)
--------------------       ----        ----        ------- ----- ------------
_GSINIT                00003B07    00000011 =          17. bytes (REL,CON)

        Value  Global            Value  Global            Value  Global    
        -----  ------            -----  ------            -----  ------    
     00003B07  gsinit   
ASxxxx Linker V03.00/V05.40 + sdld,  page 25.
Hexadecimal  [32-Bits]

Area                       Addr        Size        Decimal Bytes (Attributes)
--------------------       ----        ----        ------- ----- ------------
_GSFINAL               00003B18    00000001 =           1. bytes (REL,CON)

        Value  Global            Value  Global            Value  Global    
        -----  ------            -----  ------            -----  ------    
ASxxxx Linker V03.00/V05.40 + sdld,  page 26.
Hexadecimal  [32-Bits]

Area                       Addr        Size        Decimal Bytes (Attributes)
--------------------       ----        ----        ------- ----- ------------
_DATA                  0000C0A0    00000940 =        2368. bytes (REL,CON)

        Value  Global            Value  Global            Value  Global    
        -----  ------            -----  ------            -----  ------    
     0000C0A0  __cpu     |    0000C0A1  __is_GBA  |    0000C0A2  .mode    
     0000C0A3  .sys_time |    0000C0A3  _sys_time |    0000C0A5  .int_0x40
     0000C0B1  _isrColor |    0000C0B3  _gradient |    0000C1D3  _current_
     0000C1E1  _current_ |    0000C1E2  _current_ |    0000C1E3  _current_
     0000C1E5  _current_ |    0000C1E7  _current_ |    0000C1E9  _replace_
     0000C1EB  _replace_ |    0000C1EC  _dynamic_ |    0000C1EE  _ram_scro
     0000C1F0  _ram_scro |    0000C1F7  _lookahea |    0000C1F9  _jump_add
     0000C1FA  _jump_ext |    0000C1FB  _running  |    0000C1FC  _jumping 
     0000C1FD  _falling  |    0000C1FE  _turning  |    0000C1FF  _deceling
     0000C200  _knockbac |    0000C201  _knockbac |    0000C202  _shoulder
     0000C203  _shoulder |    0000C204  _idle_sta |    0000C208  _stateBan
     0000C209  _startFun |    0000C20B  _updateFu |    0000C20D  _destroyF
     0000C20F  _spriteBa |    0000C210  _spriteDa |    0000C211  _spriteSt
     0000C213  _spriteUp |    0000C215  _spriteDe |    0000C217  _spriteDa
     0000C219  _spriteFl |    0000C21A  _spriteId |    0000C21B  _spriteId
     0000C21C  _spriteId |    0000C21D  _spriteId |    0000C21E  _spritePa
     0000C21F  _scroll_w |    0000C221  _scroll_h |    0000C223  _scroll_t
     0000C225  _scroll_t |    0000C227  _scroll_c |    0000C327  _scroll_t
     0000C427  _scroll_b |    0000C428  _pending_ |    0000C42A  _pending_
     0000C42C  _pending_ |    0000C42D  _pending_ |    0000C42F  _pending_
     0000C431  _pending_ |    0000C432  _hud_map_ |    0000C434  _tiles_ba
     0000C435  _tiles_0  |    0000C437  _scroll_p |    0000C439  _scroll_c
     0000C446  _delta_ti |    0000C447  _current_ |    0000C454  _ZGB_Fadi
     0000C494  _ZGB_Fadi |    0000C559  _sprite_m |    0000C969  _sprite_m
     0000C991  _sprite_m |    0000C9A5  _sprite_m |    0000C9BA  _sprite_m
     0000C9BB  _prev_scr |    0000C9BF  _joypads  |    0000C9C4  _old_joyp
     0000C9C9  .int_0x48 |    0000C9D1  .int_0x50 |    0000C9DB  ___curren
     0000C9DD  ___curren |    0000C9DE  ___curren |    0000C9DF  _sfx_fram
ASxxxx Linker V03.00/V05.40 + sdld,  page 27.
Hexadecimal  [32-Bits]

Area                       Addr        Size        Decimal Bytes (Attributes)
--------------------       ----        ----        ------- ----- ------------
_INITIALIZED           0000C9E0    00000059 =          89. bytes (REL,CON)

        Value  Global            Value  Global            Value  Global    
        -----  ------            -----  ------            -----  ------    
     0000C9E2  _lcd_step |    0000C9E7  _next_sta |    0000C9EC  _tile_hit
     0000C9EE  _tile_hit |    0000C9F6  _scroll_t |    0000C9F7  _scroll_b
     0000C9F8  _scroll_m |    0000C9FA  _scroll_c |    0000C9FC  _scroll_x
     0000C9FE  _scroll_y |    0000CA00  _scroll_x |    0000CA02  _scroll_y
     0000CA04  _scroll_t |    0000CA06  _scroll_o |    0000CA07  _scroll_o
     0000CA08  _scroll_h |    0000CA0A  _clamp_en |    0000CA0B  _pending_
     0000CA0D  _pending_ |    0000CA0F  _pending_ |    0000CA11  _pending_
     0000CA13  _last_til |    0000CA14  __is_SGB  |    0000CA15  _state_ru
     0000CA16  _fade_mod |    0000CA17  _vbl_coun |    0000CA18  _music_pa
     0000CA19  _music_mu |    0000CA1A  _sfx_prio |    0000CA1B  _last_mus
     0000CA1D  _last_mus |    0000CA1E  _stop_mus |    0000CA1F  _last_bg_
     0000CA22  _sprite_m |    0000CA24  _last_spr |    0000CA26  _last_spr
     0000CA27  _enable_f |    0000CA28  _THIS_IDX |    0000CA29  _THIS    
     0000CA2B  _next_oam |    0000CA2C  _oam      |    0000CA2E  _oam0    
     0000CA30  _oam1     |    0000CA32  _win_star |    0000CA33  _win_stop
     0000CA34  _win_x    |    0000CA35  ___render |    0000CA36  _sfx_play
     0000CA37  _sfx_play
ASxxxx Linker V03.00/V05.40 + sdld,  page 28.
Hexadecimal  [32-Bits]

Area                       Addr        Size        Decimal Bytes (Attributes)
--------------------       ----        ----        ------- ----- ------------
_HRAM                  0000FF80    00000013 =          19. bytes (REL,CON)

        Value  Global            Value  Global            Value  Global    
        -----  ------            -----  ------            -----  ------    
     0000FF80  .refresh_ |    0000FF90  __current |    0000FF91  __vbl_don
     0000FF92  __shadow_
ASxxxx Linker V03.00/V05.40 + sdld,  page 29.
Hexadecimal  [32-Bits]

Area                       Addr        Size        Decimal Bytes (Attributes)
--------------------       ----        ----        ------- ----- ------------
_DATA_1                0001A000    00002000 =        8192. bytes (REL,CON)

        Value  Global            Value  Global            Value  Global    
        -----  ------            -----  ------            -----  ------    
     0001A000  _buffer_d
ASxxxx Linker V03.00/V05.40 + sdld,  page 30.
Hexadecimal  [32-Bits]

Area                       Addr        Size        Decimal Bytes (Attributes)
--------------------       ----        ----        ------- ----- ------------
_DATA_2                0002A000    00002000 =        8192. bytes (REL,CON)

        Value  Global            Value  Global            Value  Global    
        -----  ------            -----  ------            -----  ------    
     0002A000  _buffer_d
ASxxxx Linker V03.00/V05.40 + sdld,  page 31.
Hexadecimal  [32-Bits]

Area                       Addr        Size        Decimal Bytes (Attributes)
--------------------       ----        ----        ------- ----- ------------
_DATA_0                0000A000    0000000C =          12. bytes (REL,CON)

        Value  Global            Value  Global            Value  Global    
        -----  ------            -----  ------            -----  ------    
     0000A000  _savegame
ASxxxx Linker V03.00/V05.40 + sdld,  page 32.
Hexadecimal  [32-Bits]

Area                       Addr        Size        Decimal Bytes (Attributes)
--------------------       ----        ----        ------- ----- ------------
_CODE_1                00014000    000032F0 =       13040. bytes (REL,CON)

        Value  Global            Value  Global            Value  Global    
        -----  ------            -----  ------            -----  ------    
     00014000  ___func_m |    00014000  _medamaya |    00015A68  _medamaya
     00015A76  _PlayerVe |    00015F1B  _PlayerDy |    0001653B  _PlayerDy
     0001675A  _PlayerAn |    00016911  _Start_Sp |    00016989  _Update_S
     000169E0  _Destroy_ |    000169E1  ___Handle |    00016D49  _Start_St
     00016E06  _Update_S |    00016E07  _Destroy_ |    00016E0D  _InitStat
     00016E49  _InitSpri |    00016EBB  _FadeDMG  |    0001702E  _UpdateCo
     000170B4  _FadeStep |    0001716E  _FadeIn   |    0001718D  _FadeOut 
     000171AD  _CheckSRA |    00017275  _SetDefau |    000172B0  _default_
ASxxxx Linker V03.00/V05.40 + sdld,  page 33.
Hexadecimal  [32-Bits]

Area                       Addr        Size        Decimal Bytes (Attributes)
--------------------       ----        ----        ------- ----- ------------
_CODE_2                00024000    00001A6C =        6764. bytes (REL,CON)

        Value  Global            Value  Global            Value  Global    
        -----  ------            -----  ------            -----  ------    
     00024000  ___func_p |    00024000  _player_p |    00024008  _player_t
     00024CE8  _player_m |    00024D0C  _player_m |    00024D30  _player_m
     00024D54  _player_m |    00024D78  _player_m |    00024D98  _player_m
     00024DB8  _player_m |    00024DD8  _player_m |    00024DF8  _player_m
     00024E18  _player_m |    00024E3C  _player_m |    00024E60  _player_m
     00024E80  _player_m |    00024EA4  _player_m |    00024EC8  _player_m
     00024EEC  _player_m |    00024F10  _player_m |    00024F34  _player_m
     00024F56  _player   |    00024F61  ___func_m |    00024F61  _medamaya
     00024F91  _medamaya |    000259C1  _medamaya |    00025A64  _medamaya
ASxxxx Linker V03.00/V05.40 + sdld,  page 34.
Hexadecimal  [32-Bits]

Area                       Addr        Size        Decimal Bytes (Attributes)
--------------------       ----        ----        ------- ----- ------------
_CRASH_HEADER0         00000000    00000005 =           5. bytes (ABS,CON)

        Value  Global            Value  Global            Value  Global    
        -----  ------            -----  ------            -----  ------    
ASxxxx Linker V03.00/V05.40 + sdld,  page 35.
Hexadecimal  [32-Bits]

Area                       Addr        Size        Decimal Bytes (Attributes)
--------------------       ----        ----        ------- ----- ------------
_CRASH_HEADER1         00000000    00000004 =           4. bytes (ABS,CON)

        Value  Global            Value  Global            Value  Global    
        -----  ------            -----  ------            -----  ------    
ASxxxx Linker V03.00/V05.40 + sdld,  page 36.
Hexadecimal  [32-Bits]

Area                       Addr        Size        Decimal Bytes (Attributes)
--------------------       ----        ----        ------- ----- ------------
_CRASH_SCRATCH2        00000000    000001CB =         459. bytes (ABS,CON)

        Value  Global            Value  Global            Value  Global    
        -----  ------            -----  ------            -----  ------    
ASxxxx Linker V03.00/V05.40 + sdld,  page 37.
Hexadecimal  [32-Bits]

Area                       Addr        Size        Decimal Bytes (Attributes)
--------------------       ----        ----        ------- ----- ------------
_HEADER_LCD0           00000000    00000003 =           3. bytes (ABS,CON)

        Value  Global            Value  Global            Value  Global    
        -----  ------            -----  ------            -----  ------    
ASxxxx Linker V03.00/V05.40 + sdld,  page 38.
Hexadecimal  [32-Bits]

Area                       Addr        Size        Decimal Bytes (Attributes)
--------------------       ----        ----        ------- ----- ------------
_HEADER_NESTED_TIM0    00000000    00000006 =           6. bytes (ABS,CON)

        Value  Global            Value  Global            Value  Global    
        -----  ------            -----  ------            -----  ------    
ASxxxx Linker V03.00/V05.40 + sdld,  page 39.

Files Linked                              [ module(s) ]

C:\CrossZGB\gbdk\lib/gb/crt0.o            [ Runtime ]
../obj/Release/gbc/Interrupts.rel         [ Interrupts ]
../obj/Release/gbc/Platformer.rel         [ Platformer ]
../obj/Release/gbc/ZGBMain.rel            [ ZGBMain ]
../obj/Release/gbc/MapManager.rel         [ MapManager ]
../obj/Release/gbc/BufferDataA.rel        [ BufferDataA ]
../obj/Release/gbc/BufferDataB.rel        [ BufferDataB ]
../obj/Release/gbc/Camera.rel             [ Camera ]
../obj/Release/gbc/Collision.rel          [ Collision ]
../obj/Release/gbc/savegame.rel           [ savegame ]
../obj/Release/gbc/res/medamayaki.png.rel
                                          [ medamayaki_png ]
../obj/Release/gbc/SpritePlayer.rel       [ SpritePlayer ]
../obj/Release/gbc/res/sprites/player.png.rel
                                          [ player_png ]
../obj/Release/gbc/res/medamayaki_tileset.png.rel
                                          [ medamayaki_tileset_png ]
../obj/Release/gbc/crash_handler.rel      [  ]
../obj/Release/gbc/StateGame.rel          [ StateGame ]
../obj/Release/gbc/ZGBMain_Init.rel       [ ZGBMain_Init ]


Libraries Linked                          [ object file ]

C:\CrossZGB\gbdk\lib/gb/gb.lib            [ sfr.o ]
../obj/Release/gbc/zgb/zgb.lib            [ Scroll.o ]
../obj/Release/gbc/zgb/zgb.lib            [ main.o ]
../obj/Release/gbc/zgb/zgb.lib            [ Fade.o ]
../obj/Release/gbc/zgb/zgb.lib            [ Sprite.o ]
C:\CrossZGB\gbdk\lib/gb/gb.lib            [ cgb_palettes.o ]
../obj/Release/gbc/zgb/zgb.lib            [ Music.o ]
../obj/Release/gbc/zgb/zgb.lib            [ SRAM.o ]
../obj/Release/gbc/zgb/zgb.lib            [ Palette.o ]
C:\CrossZGB\gbdk\lib/gb/gb.lib            [ set_tile.o ]
../obj/Release/gbc/zgb/zgb.lib            [ SpriteManager.o ]
../obj/Release/gbc/zgb/zgb.lib            [ OAMManager.o ]
../obj/Release/gbc/zgb/zgb.lib            [ DefAnimHandler.o ]
C:\CrossZGB\gbdk\lib/gb/gb.lib            [ get_addr.o ]
C:\CrossZGB\gbdk\lib/sm83/sm83.lib        [ mul.o ]
../obj/Release/gbc/zgb/zgb.lib            [ Keys.o ]
C:\CrossZGB\gbdk\lib/gb/gb.lib            [ set_data.o ]
../obj/Release/gbc/zgb/zgb.lib            [ Vector.o ]
C:\CrossZGB\gbdk\lib/sm83/sm83.lib        [ _memcmp.o ]
../obj/Release/gbc/zgb/zgb.lib            [ Window.o ]
C:\CrossZGB\gbdk\lib/gb/gb.lib            [ lcd.o ]
C:\CrossZGB\gbdk\lib/gb/gb.lib            [ pad_ex.o ]
C:\CrossZGB\gbdk\lib/gb/gb.lib            [ tim_nested.o ]
C:\CrossZGB\gbdk\lib/gb/gb.lib            [ tim_common.o ]
C:\CrossZGB\gbdk\lib/gb/gb.lib            [ metasprites.o ]
C:\CrossZGB\gbdk\lib/sm83/sm83.lib        [ __sdcc_call_hl.o ]
C:\CrossZGB\gbdk\lib/sm83/sm83.lib        [ _memset.o ]
C:\CrossZGB\gbdk\lib/sm83/sm83.lib        [ memcpy.o ]
C:\CrossZGB\gbdk\lib/gb/gb.lib            [ metasprites_flip.o ]
../obj/Release/gbc/zgb/zgb.lib            [ DefScrollLimits.o ]
C:\CrossZGB\gbdk\lib/gb/gb.lib            [ sgb.o ]
C:\CrossZGB\gbdk\lib/gb/gb.lib            [ ___sdcc_bcall_ehl.o ]
../obj/Release/gbc/zgb/zgb.lib            [ DefVBlankHandler.o ]
../obj/Release/gbc/zgb/zgb.lib            [ sfxplayer.o ]
C:\CrossZGB\gbdk\lib/gb/gb.lib            [ cgb.o ]
C:\CrossZGB\gbdk\lib/sm83/sm83.lib        [ _strcmp.o ]
../obj/Release/gbc/zgb/zgb.lib            [ DefTileReplacement.o ]
C:\CrossZGB\gbdk\lib/sm83/sm83.lib        [ div.o ]
C:\CrossZGB\gbdk\lib/sm83/sm83.lib        [ _strcpy.o ]
C:\CrossZGB\gbdk\lib/gb/gb.lib            [ metasprites_hide_spr.o ]

ASxxxx Linker V03.00/V05.40 + sdld,  page 40.

User Base Address Definitions

_DATA=0xC0A0
_CODE=0x0200
_HRAM=0xFF80
ASxxxx Linker V03.00/V05.40 + sdld,  page 41.

User Global Definitions

.STACK=0xDF00
_mirror_OAM=0xDF00
_font_recode_table=0xDFA0
_shadow_OAM=0xC000

